2017-06-07 21:01:35,257 [AWT-EventQueue-0] WARN  com.xuggle.xuggler - Attempt to queryStreamMetaData but container is not open (../../../../../../../csrc/com/xuggle/xuggler/Container.cpp:903)
2017-06-07 21:01:35,258 [AWT-EventQueue-0] WARN  com.xuggle.xuggler - Attempt to queryStreamMetaData but container is not open (../../../../../../../csrc/com/xuggle/xuggler/Container.cpp:903)
2017-06-07 21:01:36,154 [AWT-EventQueue-0] WARN  com.xuggle.xuggler - Attempt to queryStreamMetaData but container is not open (../../../../../../../csrc/com/xuggle/xuggler/Container.cpp:903)
2017-06-07 21:01:36,154 [AWT-EventQueue-0] WARN  com.xuggle.xuggler - Attempt to queryStreamMetaData but container is not open (../../../../../../../csrc/com/xuggle/xuggler/Container.cpp:903)
2017-06-08 16:34:04,620 [AWT-EventQueue-0] WARN  com.xuggle.xuggler - Attempt to queryStreamMetaData but container is not open (../../../../../../../csrc/com/xuggle/xuggler/Container.cpp:903)
2017-06-08 16:34:04,622 [AWT-EventQueue-0] WARN  com.xuggle.xuggler - Attempt to queryStreamMetaData but container is not open (../../../../../../../csrc/com/xuggle/xuggler/Container.cpp:903)
2017-06-08 16:34:05,144 [AWT-EventQueue-0] WARN  com.xuggle.xuggler - Attempt to queryStreamMetaData but container is not open (../../../../../../../csrc/com/xuggle/xuggler/Container.cpp:903)
2017-06-08 16:34:05,144 [AWT-EventQueue-0] WARN  com.xuggle.xuggler - Attempt to queryStreamMetaData but container is not open (../../../../../../../csrc/com/xuggle/xuggler/Container.cpp:903)
2017-06-08 16:34:25,211 [AWT-EventQueue-0] WARN  com.xuggle.xuggler - Attempt to queryStreamMetaData but container is not open (../../../../../../../csrc/com/xuggle/xuggler/Container.cpp:903)
2017-06-08 16:34:25,211 [AWT-EventQueue-0] WARN  com.xuggle.xuggler - Attempt to queryStreamMetaData but container is not open (../../../../../../../csrc/com/xuggle/xuggler/Container.cpp:903)
2017-06-08 17:49:38,263 [AWT-EventQueue-0] DEBUG com.xuggle.xuggler - Could not open output url: Selected file: /Users/spouy001/Downloads/0HWd5-yMXCc.mp4 (../../../../../../../csrc/com/xuggle/xuggler/Container.cpp:436)
2017-07-19 19:34:50,604 [Thread-0] DEBUG com.xuggle.xuggler - Could not open output url: Path: (../../../../../../../csrc/com/xuggle/xuggler/Container.cpp:436)
2017-07-19 19:35:04,362 [AWT-EventQueue-0] WARN  com.xuggle.xuggler - Attempt to queryStreamMetaData but container is not open (../../../../../../../csrc/com/xuggle/xuggler/Container.cpp:903)
2017-07-19 19:35:04,363 [AWT-EventQueue-0] WARN  com.xuggle.xuggler - Attempt to queryStreamMetaData but container is not open (../../../../../../../csrc/com/xuggle/xuggler/Container.cpp:903)
2017-07-19 19:36:17,690 [Thread-0] DEBUG com.xuggle.xuggler - Could not open output url: Path: (../../../../../../../csrc/com/xuggle/xuggler/Container.cpp:436)
2017-07-19 19:37:49,119 [Thread-0] DEBUG com.xuggle.xuggler - Could not open output url: Path: (../../../../../../../csrc/com/xuggle/xuggler/Container.cpp:436)
2017-07-19 19:38:32,500 [Thread-2] DEBUG com.xuggle.xuggler - Could not open output url: Path: (../../../../../../../csrc/com/xuggle/xuggler/Container.cpp:436)
2017-07-19 19:41:57,643 [Thread-0] DEBUG com.xuggle.xuggler - Could not open output url: Path: (../../../../../../../csrc/com/xuggle/xuggler/Container.cpp:436)
2017-07-20 11:09:06,571 [Thread-0] WARN  com.xuggle.xuggler - Attempting to decode when not ready; codec not opened (../../../../../../../csrc/com/xuggle/xuggler/StreamCoder.cpp:873)
2017-07-20 11:12:00,078 [Thread-0] WARN  com.xuggle.xuggler - Attempting to decode when not ready; codec not opened (../../../../../../../csrc/com/xuggle/xuggler/StreamCoder.cpp:1088)
2017-07-20 11:12:00,080 [Thread-0] WARN  com.xuggle.xuggler - Attempting to decode when not ready; codec not opened (../../../../../../../csrc/com/xuggle/xuggler/StreamCoder.cpp:873)
2017-07-20 11:18:04,292 [Thread-0] WARN  com.xuggle.xuggler - Attempting to decode when not ready; codec not opened (../../../../../../../csrc/com/xuggle/xuggler/StreamCoder.cpp:873)
2017-07-20 11:19:13,360 [Thread-0] WARN  com.xuggle.xuggler - Attempting to decode when not ready; codec not opened (../../../../../../../csrc/com/xuggle/xuggler/StreamCoder.cpp:873)
2017-07-20 11:44:50,585 [Thread-0] DEBUG com.xuggle.xuggler - Could not open output url: Path/Users/spouy001/Downloads/0HWd5-yMXCc.mp4 (../../../../../../../csrc/com/xuggle/xuggler/Container.cpp:436)
2017-07-26 13:32:34,517 [Thread-3] DEBUG com.xuggle.xuggler - Could not open output url: /home/mitch-b/dmis-reaserch/Samira/video-1.mpeg (../../../../../../../csrc/com/xuggle/xuggler/Container.cpp:436)
2017-07-26 13:41:28,370 [Thread-3] DEBUG com.xuggle.xuggler - Could not open output url: /home/mitch-b/dmis-reaserch/Samira/video-3.mpeg (../../../../../../../csrc/com/xuggle/xuggler/Container.cpp:436)
2017-07-26 13:41:30,966 [Thread-3] WARN  com.xuggle.xuggler - Attempt to queryStreamMetaData but container is not open (../../../../../../../csrc/com/xuggle/xuggler/Container.cpp:903)
2017-07-26 13:43:14,341 [Thread-0] DEBUG com.xuggle.xuggler - Could not open output url: /home/mitch-b/dmis-reaserch/Samira/video-3.mpeg (../../../../../../../csrc/com/xuggle/xuggler/Container.cpp:436)
2017-07-26 13:43:17,732 [Thread-0] WARN  com.xuggle.xuggler - Attempt to queryStreamMetaData but container is not open (../../../../../../../csrc/com/xuggle/xuggler/Container.cpp:903)
2017-07-26 13:44:23,441 [Thread-3] DEBUG com.xuggle.xuggler - Could not open output url: /home/mitch-b/dmis-reaserch/Samira/video-3.mpeg (../../../../../../../csrc/com/xuggle/xuggler/Container.cpp:436)
2017-07-26 13:44:30,524 [Thread-3] WARN  com.xuggle.xuggler - Attempt to queryStreamMetaData but container is not open (../../../../../../../csrc/com/xuggle/xuggler/Container.cpp:903)
2017-07-26 13:47:41,830 [Thread-5] DEBUG com.xuggle.xuggler - Could not open output url: /home/mitch-b/dmis-reaserch/Samira/video-3.mpeg (../../../../../../../csrc/com/xuggle/xuggler/Container.cpp:436)
2017-07-26 13:50:19,946 [Thread-7] DEBUG com.xuggle.xuggler - Could not open output url: /home/mitch-b/dmis-reaserch/Samira/video-3.mpeg (../../../../../../../csrc/com/xuggle/xuggler/Container.cpp:436)
2017-07-27 10:55:19,410 [Thread-5] DEBUG com.xuggle.xuggler - Could not open output url: /home/mitch-b/dmis-reaserch/Samira/video-3.mpeg (../../../../../../../csrc/com/xuggle/xuggler/Container.cpp:436)
2017-07-31 09:40:44,933 [Thread-7] DEBUG com.xuggle.xuggler - Could not open output url: /home/mitch-b/dmis-reaserch/Samira/video-1.mpeg (../../../../../../../csrc/com/xuggle/xuggler/Container.cpp:436)
2017-08-01 18:05:50,293 [main] ERROR com.xuggle.ferry.JNILibraryLoader - Could not load library: xuggle-xuggler; version: 3; Visit http://www.xuggle.com/xuggler/faq/ to find common solutions to this problem
2017-08-01 18:07:36,202 [main] ERROR com.xuggle.ferry.JNILibraryLoader - Could not load library: xuggle-xuggler; version: 3; Visit http://www.xuggle.com/xuggler/faq/ to find common solutions to this problem
2017-08-01 18:08:50,549 [main] ERROR com.xuggle.ferry.JNILibraryLoader - Could not load library: xuggle-xuggler; version: 3; Visit http://www.xuggle.com/xuggler/faq/ to find common solutions to this problem
2017-08-01 18:10:30,086 [main] ERROR com.xuggle.ferry.JNILibraryLoader - Could not load library: xuggle-xuggler; version: 3; Visit http://www.xuggle.com/xuggler/faq/ to find common solutions to this problem
2017-08-01 18:16:10,628 [Thread-0] ERROR com.xuggle.ferry.JNILibraryLoader - Could not load library: xuggle-xuggler; version: 3; Visit http://www.xuggle.com/xuggler/faq/ to find common solutions to this problem
2017-08-01 18:18:31,421 [main] ERROR com.xuggle.ferry.JNILibraryLoader - Could not load library: xuggle-xuggler; version: 3; Visit http://www.xuggle.com/xuggler/faq/ to find common solutions to this problem
2017-08-01 18:27:22,644 [main] ERROR com.xuggle.ferry.JNILibraryLoader - Could not load library: xuggle-xuggler; version: 3; Visit http://www.xuggle.com/xuggler/faq/ to find common solutions to this problem
2017-08-01 18:28:47,020 [main] ERROR com.xuggle.ferry.JNILibraryLoader - Could not load library: xuggle-xuggler; version: 3; Visit http://www.xuggle.com/xuggler/faq/ to find common solutions to this problem
2017-08-01 18:32:41,471 [main] ERROR com.xuggle.ferry.JNILibraryLoader - Could not load library: xuggle-xuggler; version: 3; Visit http://www.xuggle.com/xuggler/faq/ to find common solutions to this problem
2017-08-01 18:49:30,214 [main] ERROR com.xuggle.ferry.JNILibraryLoader - Could not load library: xuggle-xuggler; version: 3; Visit http://www.xuggle.com/xuggler/faq/ to find common solutions to this problem
2017-08-01 18:51:20,461 [main] ERROR com.xuggle.ferry.JNILibraryLoader - Could not load library: xuggle-xuggler; version: 3; Visit http://www.xuggle.com/xuggler/faq/ to find common solutions to this problem
2017-08-01 18:53:32,770 [main] ERROR com.xuggle.ferry.JNILibraryLoader - Could not load library: xuggle-xuggler; version: 3; Visit http://www.xuggle.com/xuggler/faq/ to find common solutions to this problem
2017-08-01 18:56:48,052 [main] ERROR com.xuggle.ferry.JNILibraryLoader - Could not load library: xuggle-xuggler; version: 3; Visit http://www.xuggle.com/xuggler/faq/ to find common solutions to this problem
2017-08-01 18:59:06,614 [main] ERROR com.xuggle.ferry.JNILibraryLoader - Could not load library: xuggle-xuggler; version: 3; Visit http://www.xuggle.com/xuggler/faq/ to find common solutions to this problem
2017-08-01 19:00:27,505 [main] ERROR com.xuggle.ferry.JNILibraryLoader - Could not load library: xuggle-xuggler; version: 3; Visit http://www.xuggle.com/xuggler/faq/ to find common solutions to this problem
2017-08-01 19:09:51,390 [main] ERROR com.xuggle.ferry.JNILibraryLoader - Could not load library: xuggle-xuggler; version: 3; Visit http://www.xuggle.com/xuggler/faq/ to find common solutions to this problem
2017-08-01 19:11:59,584 [main] ERROR com.xuggle.ferry.JNILibraryLoader - Could not load library: xuggle-xuggler; version: 3; Visit http://www.xuggle.com/xuggler/faq/ to find common solutions to this problem
2017-08-01 19:12:48,922 [main] ERROR com.xuggle.ferry.JNILibraryLoader - Could not load library: xuggle-xuggler; version: 3; Visit http://www.xuggle.com/xuggler/faq/ to find common solutions to this problem
2017-08-01 19:18:15,334 [main] ERROR com.xuggle.ferry.JNILibraryLoader - Could not load library: xuggle-xuggler; version: 3; Visit http://www.xuggle.com/xuggler/faq/ to find common solutions to this problem
2017-08-01 19:23:05,483 [Thread-0] ERROR com.xuggle.ferry.JNILibraryLoader - Could not load library: xuggle-xuggler; version: 3; Visit http://www.xuggle.com/xuggler/faq/ to find common solutions to this problem
2017-08-02 08:39:01,371 [Thread-0] ERROR com.xuggle.ferry.JNILibraryLoader - Could not load library: xuggle-xuggler; version: 3; Visit http://www.xuggle.com/xuggler/faq/ to find common solutions to this problem
2017-08-02 08:42:06,689 [main] ERROR com.xuggle.ferry.JNILibraryLoader - Could not load library: xuggle-xuggler; version: 3; Visit http://www.xuggle.com/xuggler/faq/ to find common solutions to this problem
2017-08-02 15:56:23,586 [main] ERROR com.xuggle.ferry.JNILibraryLoader - Could not load library: xuggle-xuggler; version: 3; Visit http://www.xuggle.com/xuggler/faq/ to find common solutions to this problem
2017-08-02 15:58:08,300 [main] ERROR com.xuggle.ferry.JNILibraryLoader - Could not load library: xuggle-xuggler; version: 3; Visit http://www.xuggle.com/xuggler/faq/ to find common solutions to this problem
2017-08-02 16:00:04,954 [main] ERROR com.xuggle.ferry.JNILibraryLoader - Could not load library: xuggle-xuggler; version: 3; Visit http://www.xuggle.com/xuggler/faq/ to find common solutions to this problem
